2025-11-14 18:41:58.338 [restartedMain] INFO  j.c.d.d.a.c.DlcpfAppComprehensiveApplication - Starting DlcpfAppComprehensiveApplication using Java 21.0.6 with PID 28948 (C:\Users\kumreddy\dlcpf-app-comprehensive\target\classes started by kumreddy in C:\Users\kumreddy\dlcpf-app-comprehensive)
2025-11-14 18:41:58.382 [restartedMain] INFO  j.c.d.d.a.c.DlcpfAppComprehensiveApplication - No active profile set, falling back to 1 default profile: "default"
2025-11-14 18:41:58.498 [restartedMain] INFO  o.s.b.d.e.DevToolsPropertyDefaultsPostProcessor - Devtools property defaults active! Set 'spring.devtools.add-properties' to 'false' to disable
2025-11-14 18:41:58.500 [restartedMain] INFO  o.s.b.d.e.DevToolsPropertyDefaultsPostProcessor - For additional web related logging consider setting the 'logging.level.web' property to 'DEBUG'
2025-11-14 18:41:59.936 [restartedMain] INFO  o.s.d.r.c.RepositoryConfigurationDelegate - Bootstrapping Spring Data JPA repositories in DEFAULT mode.
2025-11-14 18:42:00.004 [restartedMain] INFO  o.s.d.r.c.RepositoryConfigurationDelegate - Finished Spring Data repository scanning in 47 ms. Found 0 JPA repository interfaces.
2025-11-14 18:42:01.144 [restartedMain] INFO  o.s.b.w.e.tomcat.TomcatWebServer - Tomcat initialized with port 8080 (http)
2025-11-14 18:42:01.172 [restartedMain] INFO  o.a.coyote.http11.Http11NioProtocol - Initializing ProtocolHandler ["http-nio-8080"]
2025-11-14 18:42:01.176 [restartedMain] INFO  o.a.catalina.core.StandardService - Starting service [Tomcat]
2025-11-14 18:42:01.176 [restartedMain] INFO  o.a.catalina.core.StandardEngine - Starting Servlet engine: [Apache Tomcat/10.1.48]
2025-11-14 18:42:01.285 [restartedMain] INFO  o.a.c.c.C.[Tomcat].[localhost].[/] - Initializing Spring embedded WebApplicationContext
2025-11-14 18:42:01.286 [restartedMain] INFO  o.s.b.w.s.c.ServletWebServerApplicationContext - Root WebApplicationContext: initialization completed in 2786 ms
2025-11-14 18:42:01.656 [restartedMain] INFO  o.h.jpa.internal.util.LogHelper - HHH000204: Processing PersistenceUnitInfo [name: default]
2025-11-14 18:42:01.801 [restartedMain] INFO  org.hibernate.Version - HHH000412: Hibernate ORM core version 6.6.33.Final
2025-11-14 18:42:01.874 [restartedMain] INFO  o.h.c.i.RegionFactoryInitiator - HHH000026: Second-level cache disabled
2025-11-14 18:42:02.472 [restartedMain] INFO  o.s.o.j.p.SpringPersistenceUnitInfo - No LoadTimeWeaver setup: ignoring JPA class transformer
2025-11-14 18:42:02.538 [restartedMain] INFO  com.zaxxer.hikari.HikariDataSource - HikariPool-1 - Starting...
2025-11-14 18:42:02.891 [restartedMain] INFO  com.zaxxer.hikari.pool.HikariPool - HikariPool-1 - Added connection conn0: url=jdbc:h2:mem:testdb user=SA
2025-11-14 18:42:02.894 [restartedMain] INFO  com.zaxxer.hikari.HikariDataSource - HikariPool-1 - Start completed.
2025-11-14 18:42:02.991 [restartedMain] INFO  o.hibernate.orm.connections.pooling - HHH10001005: Database info:
	Database JDBC URL [Connecting through datasource 'HikariDataSource (HikariPool-1)']
	Database driver: undefined/unknown
	Database version: 2.3.232
	Autocommit mode: undefined/unknown
	Isolation level: undefined/unknown
	Minimum pool size: undefined/unknown
	Maximum pool size: undefined/unknown
2025-11-14 18:42:04.325 [restartedMain] INFO  o.h.e.t.j.p.i.JtaPlatformInitiator - HHH000489: No JTA platform available (set 'hibernate.transaction.jta.platform' to enable JTA platform integration)
2025-11-14 18:42:04.429 [restartedMain] INFO  o.s.o.j.LocalContainerEntityManagerFactoryBean - Initialized JPA EntityManagerFactory for persistence unit 'default'
2025-11-14 18:42:04.980 [restartedMain] INFO  o.s.s.c.a.a.c.InitializeUserDetailsBeanManagerConfigurer$InitializeUserDetailsManagerConfigurer - Global AuthenticationManager configured with UserDetailsService bean with name inMemoryUserDetailsManager
2025-11-14 18:42:05.484 [restartedMain] INFO  o.s.b.a.h.H2ConsoleAutoConfiguration - H2 console available at '/h2-console'. Database available at 'jdbc:h2:mem:testdb'
2025-11-14 18:42:05.636 [restartedMain] INFO  o.s.b.d.a.OptionalLiveReloadServer - LiveReload server is running on port 35729
2025-11-14 18:42:05.656 [restartedMain] INFO  o.a.coyote.http11.Http11NioProtocol - Starting ProtocolHandler ["http-nio-8080"]
2025-11-14 18:42:05.713 [restartedMain] INFO  o.s.b.w.e.tomcat.TomcatWebServer - Tomcat started on port 8080 (http) with context path '/'
2025-11-14 18:42:05.730 [restartedMain] INFO  j.c.d.d.a.c.DlcpfAppComprehensiveApplication - Started DlcpfAppComprehensiveApplication in 8.645 seconds (process running for 9.582)
2025-11-14 18:42:14.563 [http-nio-8080-exec-2] INFO  o.a.c.c.C.[Tomcat].[localhost].[/] - Initializing Spring DispatcherServlet 'dispatcherServlet'
2025-11-14 18:42:14.563 [http-nio-8080-exec-2] INFO  o.s.web.servlet.DispatcherServlet - Initializing Servlet 'dispatcherServlet'
2025-11-14 18:42:14.563 [http-nio-8080-exec-2] INFO  o.s.web.servlet.DispatcherServlet - Completed initialization in 0 ms
2025-11-14 18:42:14.875 [http-nio-8080-exec-2] INFO  j.c.d.d.a.c.c.PersonalityAssessmentController - Personality Assessment Status in getAssessmentStatus Method
2025-11-14 18:42:14.875 [http-nio-8080-exec-2] INFO  j.c.d.d.a.c.s.PersonalityAssessmentServiceImpl - Personality Assessment Status in getPersonalityAssessmentStatus Method
2025-11-14 18:42:14.878 [http-nio-8080-exec-2] INFO  j.c.d.d.a.c.s.PersonalityAssessmentServiceImpl - Question ID: 1, Selected Option: FirstQuestionAnswer111
2025-11-14 18:42:14.878 [http-nio-8080-exec-2] INFO  j.c.d.d.a.c.s.PersonalityAssessmentServiceImpl - Question ID: 2, Selected Option: 
2025-11-14 18:42:21.588 [http-nio-8080-exec-3] INFO  j.c.d.d.a.c.c.PersonalityAssessmentController - Personality Assessment Status in getAssessmentStatus Method
2025-11-14 18:42:21.588 [http-nio-8080-exec-3] INFO  j.c.d.d.a.c.s.PersonalityAssessmentServiceImpl - Personality Assessment Status in getPersonalityAssessmentStatus Method
2025-11-14 18:42:21.589 [http-nio-8080-exec-3] INFO  j.c.d.d.a.c.s.PersonalityAssessmentServiceImpl - Question ID: 1, Selected Option: FirstQuestionAnswer111
2025-11-14 18:42:21.589 [http-nio-8080-exec-3] INFO  j.c.d.d.a.c.s.PersonalityAssessmentServiceImpl - Question ID: 2, Selected Option: aaa
2025-11-14 18:42:21.589 [http-nio-8080-exec-3] INFO  j.c.d.d.a.c.s.PersonalityAssessmentServiceImpl - Question ID: 3, Selected Option: asd
2025-11-14 18:50:43.740 [File Watcher] INFO  o.s.b.d.a.LocalDevToolsAutoConfiguration$RestartingClassPathChangeChangedEventListener - Restarting due to 2 class path changes (0 additions, 0 deletions, 2 modifications)
2025-11-14 18:50:43.747 [Thread-5] INFO  o.s.b.w.e.tomcat.GracefulShutdown - Commencing graceful shutdown. Waiting for active requests to complete
2025-11-14 18:50:43.747 [tomcat-shutdown] INFO  o.a.coyote.http11.Http11NioProtocol - Pausing ProtocolHandler ["http-nio-8080"]
2025-11-14 18:50:43.774 [tomcat-shutdown] INFO  o.s.b.w.e.tomcat.GracefulShutdown - Graceful shutdown complete
2025-11-14 18:50:43.774 [Thread-5] INFO  o.a.coyote.http11.Http11NioProtocol - Stopping ProtocolHandler ["http-nio-8080"]
2025-11-14 18:50:43.779 [Thread-5] INFO  o.s.o.j.LocalContainerEntityManagerFactoryBean - Closing JPA EntityManagerFactory for persistence unit 'default'
2025-11-14 18:50:43.797 [Thread-5] INFO  com.zaxxer.hikari.HikariDataSource - HikariPool-1 - Shutdown initiated...
2025-11-14 18:50:43.801 [Thread-5] INFO  com.zaxxer.hikari.HikariDataSource - HikariPool-1 - Shutdown completed.
2025-11-14 18:50:43.987 [restartedMain] INFO  j.c.d.d.a.c.DlcpfAppComprehensiveApplication - Starting DlcpfAppComprehensiveApplication using Java 21.0.6 with PID 28948 (C:\Users\kumreddy\dlcpf-app-comprehensive\target\classes started by kumreddy in C:\Users\kumreddy\dlcpf-app-comprehensive)
2025-11-14 18:50:43.987 [restartedMain] INFO  j.c.d.d.a.c.DlcpfAppComprehensiveApplication - No active profile set, falling back to 1 default profile: "default"
2025-11-14 18:50:44.397 [restartedMain] INFO  o.s.d.r.c.RepositoryConfigurationDelegate - Bootstrapping Spring Data JPA repositories in DEFAULT mode.
2025-11-14 18:50:44.419 [restartedMain] INFO  o.s.d.r.c.RepositoryConfigurationDelegate - Finished Spring Data repository scanning in 11 ms. Found 0 JPA repository interfaces.
2025-11-14 18:50:44.637 [restartedMain] INFO  o.s.b.w.e.tomcat.TomcatWebServer - Tomcat initialized with port 8080 (http)
2025-11-14 18:50:44.637 [restartedMain] INFO  o.a.coyote.http11.Http11NioProtocol - Initializing ProtocolHandler ["http-nio-8080"]
2025-11-14 18:50:44.637 [restartedMain] INFO  o.a.catalina.core.StandardService - Starting service [Tomcat]
2025-11-14 18:50:44.637 [restartedMain] INFO  o.a.catalina.core.StandardEngine - Starting Servlet engine: [Apache Tomcat/10.1.48]
2025-11-14 18:50:44.711 [restartedMain] INFO  o.a.c.c.C.[Tomcat].[localhost].[/] - Initializing Spring embedded WebApplicationContext
2025-11-14 18:50:44.717 [restartedMain] INFO  o.s.b.w.s.c.ServletWebServerApplicationContext - Root WebApplicationContext: initialization completed in 722 ms
2025-11-14 18:50:44.795 [restartedMain] INFO  o.h.jpa.internal.util.LogHelper - HHH000204: Processing PersistenceUnitInfo [name: default]
2025-11-14 18:50:44.799 [restartedMain] INFO  o.h.c.i.RegionFactoryInitiator - HHH000026: Second-level cache disabled
2025-11-14 18:50:44.830 [restartedMain] INFO  o.s.o.j.p.SpringPersistenceUnitInfo - No LoadTimeWeaver setup: ignoring JPA class transformer
2025-11-14 18:50:44.830 [restartedMain] INFO  com.zaxxer.hikari.HikariDataSource - HikariPool-2 - Starting...
2025-11-14 18:50:44.837 [restartedMain] INFO  com.zaxxer.hikari.pool.HikariPool - HikariPool-2 - Added connection conn10: url=jdbc:h2:mem:testdb user=SA
2025-11-14 18:50:44.839 [restartedMain] INFO  com.zaxxer.hikari.HikariDataSource - HikariPool-2 - Start completed.
2025-11-14 18:50:44.839 [restartedMain] INFO  o.hibernate.orm.connections.pooling - HHH10001005: Database info:
	Database JDBC URL [Connecting through datasource 'HikariDataSource (HikariPool-2)']
	Database driver: undefined/unknown
	Database version: 2.3.232
	Autocommit mode: undefined/unknown
	Isolation level: undefined/unknown
	Minimum pool size: undefined/unknown
	Maximum pool size: undefined/unknown
2025-11-14 18:50:44.917 [restartedMain] INFO  o.h.e.t.j.p.i.JtaPlatformInitiator - HHH000489: No JTA platform available (set 'hibernate.transaction.jta.platform' to enable JTA platform integration)
2025-11-14 18:50:44.921 [restartedMain] INFO  o.s.o.j.LocalContainerEntityManagerFactoryBean - Initialized JPA EntityManagerFactory for persistence unit 'default'
2025-11-14 18:50:45.089 [restartedMain] INFO  o.s.s.c.a.a.c.InitializeUserDetailsBeanManagerConfigurer$InitializeUserDetailsManagerConfigurer - Global AuthenticationManager configured with UserDetailsService bean with name inMemoryUserDetailsManager
2025-11-14 18:50:45.191 [restartedMain] INFO  o.s.b.a.h.H2ConsoleAutoConfiguration - H2 console available at '/h2-console'. Database available at 'jdbc:h2:mem:testdb'
2025-11-14 18:50:45.226 [restartedMain] INFO  o.s.b.d.a.OptionalLiveReloadServer - LiveReload server is running on port 35729
2025-11-14 18:50:45.237 [restartedMain] INFO  o.a.coyote.http11.Http11NioProtocol - Starting ProtocolHandler ["http-nio-8080"]
2025-11-14 18:50:45.249 [restartedMain] INFO  o.s.b.w.e.tomcat.TomcatWebServer - Tomcat started on port 8080 (http) with context path '/'
2025-11-14 18:50:45.257 [restartedMain] INFO  j.c.d.d.a.c.DlcpfAppComprehensiveApplication - Started DlcpfAppComprehensiveApplication in 1.354 seconds (process running for 529.111)
2025-11-14 18:50:45.260 [restartedMain] INFO  o.s.b.d.a.ConditionEvaluationDeltaLoggingListener - Condition evaluation unchanged
2025-11-14 18:56:22.675 [restartedMain] INFO  j.c.d.d.a.c.DlcpfAppComprehensiveApplication - Starting DlcpfAppComprehensiveApplication using Java 21.0.6 with PID 31156 (C:\Users\kumreddy\dlcpf-app-comprehensive\target\classes started by kumreddy in C:\Users\kumreddy\dlcpf-app-comprehensive)
2025-11-14 18:56:22.687 [restartedMain] INFO  j.c.d.d.a.c.DlcpfAppComprehensiveApplication - No active profile set, falling back to 1 default profile: "default"
2025-11-14 18:56:22.816 [restartedMain] INFO  o.s.b.d.e.DevToolsPropertyDefaultsPostProcessor - Devtools property defaults active! Set 'spring.devtools.add-properties' to 'false' to disable
2025-11-14 18:56:22.817 [restartedMain] INFO  o.s.b.d.e.DevToolsPropertyDefaultsPostProcessor - For additional web related logging consider setting the 'logging.level.web' property to 'DEBUG'
2025-11-14 18:56:24.303 [restartedMain] INFO  o.s.d.r.c.RepositoryConfigurationDelegate - Bootstrapping Spring Data JPA repositories in DEFAULT mode.
2025-11-14 18:56:24.357 [restartedMain] INFO  o.s.d.r.c.RepositoryConfigurationDelegate - Finished Spring Data repository scanning in 39 ms. Found 0 JPA repository interfaces.
2025-11-14 18:56:25.469 [restartedMain] INFO  o.s.b.w.e.tomcat.TomcatWebServer - Tomcat initialized with port 8080 (http)
2025-11-14 18:56:25.504 [restartedMain] INFO  o.a.coyote.http11.Http11NioProtocol - Initializing ProtocolHandler ["http-nio-8080"]
2025-11-14 18:56:25.510 [restartedMain] INFO  o.a.catalina.core.StandardService - Starting service [Tomcat]
2025-11-14 18:56:25.510 [restartedMain] INFO  o.a.catalina.core.StandardEngine - Starting Servlet engine: [Apache Tomcat/10.1.48]
2025-11-14 18:56:25.637 [restartedMain] INFO  o.a.c.c.C.[Tomcat].[localhost].[/] - Initializing Spring embedded WebApplicationContext
2025-11-14 18:56:25.640 [restartedMain] INFO  o.s.b.w.s.c.ServletWebServerApplicationContext - Root WebApplicationContext: initialization completed in 2820 ms
2025-11-14 18:56:26.013 [restartedMain] INFO  o.h.jpa.internal.util.LogHelper - HHH000204: Processing PersistenceUnitInfo [name: default]
2025-11-14 18:56:26.177 [restartedMain] INFO  org.hibernate.Version - HHH000412: Hibernate ORM core version 6.6.33.Final
2025-11-14 18:56:26.269 [restartedMain] INFO  o.h.c.i.RegionFactoryInitiator - HHH000026: Second-level cache disabled
2025-11-14 18:56:26.848 [restartedMain] INFO  o.s.o.j.p.SpringPersistenceUnitInfo - No LoadTimeWeaver setup: ignoring JPA class transformer
2025-11-14 18:56:26.929 [restartedMain] INFO  com.zaxxer.hikari.HikariDataSource - HikariPool-1 - Starting...
2025-11-14 18:56:27.297 [restartedMain] INFO  com.zaxxer.hikari.pool.HikariPool - HikariPool-1 - Added connection conn0: url=jdbc:h2:mem:testdb user=SA
2025-11-14 18:56:27.301 [restartedMain] INFO  com.zaxxer.hikari.HikariDataSource - HikariPool-1 - Start completed.
2025-11-14 18:56:27.402 [restartedMain] INFO  o.hibernate.orm.connections.pooling - HHH10001005: Database info:
	Database JDBC URL [Connecting through datasource 'HikariDataSource (HikariPool-1)']
	Database driver: undefined/unknown
	Database version: 2.3.232
	Autocommit mode: undefined/unknown
	Isolation level: undefined/unknown
	Minimum pool size: undefined/unknown
	Maximum pool size: undefined/unknown
2025-11-14 18:56:28.706 [restartedMain] INFO  o.h.e.t.j.p.i.JtaPlatformInitiator - HHH000489: No JTA platform available (set 'hibernate.transaction.jta.platform' to enable JTA platform integration)
2025-11-14 18:56:28.809 [restartedMain] INFO  o.s.o.j.LocalContainerEntityManagerFactoryBean - Initialized JPA EntityManagerFactory for persistence unit 'default'
2025-11-14 18:56:29.367 [restartedMain] INFO  o.s.s.c.a.a.c.InitializeUserDetailsBeanManagerConfigurer$InitializeUserDetailsManagerConfigurer - Global AuthenticationManager configured with UserDetailsService bean with name inMemoryUserDetailsManager
2025-11-14 18:56:29.844 [restartedMain] INFO  o.s.b.a.h.H2ConsoleAutoConfiguration - H2 console available at '/h2-console'. Database available at 'jdbc:h2:mem:testdb'
2025-11-14 18:56:29.996 [restartedMain] INFO  o.s.b.d.a.OptionalLiveReloadServer - LiveReload server is running on port 35729
2025-11-14 18:56:30.022 [restartedMain] INFO  o.a.coyote.http11.Http11NioProtocol - Starting ProtocolHandler ["http-nio-8080"]
2025-11-14 18:56:30.075 [restartedMain] INFO  o.s.b.w.e.tomcat.TomcatWebServer - Tomcat started on port 8080 (http) with context path '/'
2025-11-14 18:56:30.093 [restartedMain] INFO  j.c.d.d.a.c.DlcpfAppComprehensiveApplication - Started DlcpfAppComprehensiveApplication in 8.846 seconds (process running for 9.826)
2025-11-14 18:56:39.407 [http-nio-8080-exec-1] INFO  o.a.c.c.C.[Tomcat].[localhost].[/] - Initializing Spring DispatcherServlet 'dispatcherServlet'
2025-11-14 18:56:39.408 [http-nio-8080-exec-1] INFO  o.s.web.servlet.DispatcherServlet - Initializing Servlet 'dispatcherServlet'
2025-11-14 18:56:39.410 [http-nio-8080-exec-1] INFO  o.s.web.servlet.DispatcherServlet - Completed initialization in 1 ms
2025-11-14 18:57:21.543 [http-nio-8080-exec-3] INFO  j.c.d.d.a.c.c.PersonalityAssessmentController - Personality Assessment Status in getAssessmentStatus Method
2025-11-14 18:57:21.547 [http-nio-8080-exec-3] INFO  j.c.d.d.a.c.s.PersonalityAssessmentServiceImpl - Personality Assessment Status in getPersonalityAssessmentStatus Method
2025-11-14 18:57:21.547 [http-nio-8080-exec-3] INFO  j.c.d.d.a.c.s.PersonalityAssessmentServiceImpl - Question ID: 1, Selected Option: 1
2025-11-14 18:57:21.547 [http-nio-8080-exec-3] INFO  j.c.d.d.a.c.s.PersonalityAssessmentServiceImpl - Question ID: 2, Selected Option: 2
2025-11-14 18:57:21.549 [http-nio-8080-exec-3] INFO  j.c.d.d.a.c.s.PersonalityAssessmentServiceImpl - Question ID: 3, Selected Option: 3
2025-11-14 18:57:47.207 [http-nio-8080-exec-8] INFO  j.c.d.d.a.c.c.PersonalityAssessmentController - Personality Assessment Status in getAssessmentStatus Method
2025-11-14 18:57:47.207 [http-nio-8080-exec-8] INFO  j.c.d.d.a.c.s.PersonalityAssessmentServiceImpl - Personality Assessment Status in getPersonalityAssessmentStatus Method
2025-11-14 18:57:47.208 [http-nio-8080-exec-8] INFO  j.c.d.d.a.c.s.PersonalityAssessmentServiceImpl - Question ID: 1, Selected Option: 1
2025-11-14 18:57:47.208 [http-nio-8080-exec-8] INFO  j.c.d.d.a.c.s.PersonalityAssessmentServiceImpl - Question ID: 2, Selected Option: 2
2025-11-14 18:57:47.208 [http-nio-8080-exec-8] INFO  j.c.d.d.a.c.s.PersonalityAssessmentServiceImpl - Question ID: 3, Selected Option: 3
2025-11-14 18:58:43.006 [File Watcher] INFO  o.s.b.d.a.LocalDevToolsAutoConfiguration$RestartingClassPathChangeChangedEventListener - Restarting due to 1 class path change (0 additions, 0 deletions, 1 modification)
2025-11-14 18:58:43.012 [Thread-5] INFO  o.s.b.w.e.tomcat.GracefulShutdown - Commencing graceful shutdown. Waiting for active requests to complete
2025-11-14 18:58:43.012 [tomcat-shutdown] INFO  o.a.coyote.http11.Http11NioProtocol - Pausing ProtocolHandler ["http-nio-8080"]
2025-11-14 18:58:43.030 [tomcat-shutdown] INFO  o.s.b.w.e.tomcat.GracefulShutdown - Graceful shutdown complete
2025-11-14 18:58:43.030 [Thread-5] INFO  o.a.coyote.http11.Http11NioProtocol - Stopping ProtocolHandler ["http-nio-8080"]
2025-11-14 18:58:43.037 [Thread-5] INFO  o.s.o.j.LocalContainerEntityManagerFactoryBean - Closing JPA EntityManagerFactory for persistence unit 'default'
2025-11-14 18:58:43.046 [Thread-5] INFO  com.zaxxer.hikari.HikariDataSource - HikariPool-1 - Shutdown initiated...
2025-11-14 18:58:43.054 [Thread-5] INFO  com.zaxxer.hikari.HikariDataSource - HikariPool-1 - Shutdown completed.
2025-11-14 18:58:43.237 [restartedMain] INFO  j.c.d.d.a.c.DlcpfAppComprehensiveApplication - Starting DlcpfAppComprehensiveApplication using Java 21.0.6 with PID 31156 (C:\Users\kumreddy\dlcpf-app-comprehensive\target\classes started by kumreddy in C:\Users\kumreddy\dlcpf-app-comprehensive)
2025-11-14 18:58:43.237 [restartedMain] INFO  j.c.d.d.a.c.DlcpfAppComprehensiveApplication - No active profile set, falling back to 1 default profile: "default"
2025-11-14 18:58:43.627 [restartedMain] INFO  o.s.d.r.c.RepositoryConfigurationDelegate - Bootstrapping Spring Data JPA repositories in DEFAULT mode.
2025-11-14 18:58:43.649 [restartedMain] INFO  o.s.d.r.c.RepositoryConfigurationDelegate - Finished Spring Data repository scanning in 17 ms. Found 0 JPA repository interfaces.
2025-11-14 18:58:43.820 [restartedMain] INFO  o.s.b.w.e.tomcat.TomcatWebServer - Tomcat initialized with port 8080 (http)
2025-11-14 18:58:43.820 [restartedMain] INFO  o.a.coyote.http11.Http11NioProtocol - Initializing ProtocolHandler ["http-nio-8080"]
2025-11-14 18:58:43.826 [restartedMain] INFO  o.a.catalina.core.StandardService - Starting service [Tomcat]
2025-11-14 18:58:43.826 [restartedMain] INFO  o.a.catalina.core.StandardEngine - Starting Servlet engine: [Apache Tomcat/10.1.48]
2025-11-14 18:58:43.897 [restartedMain] INFO  o.a.c.c.C.[Tomcat].[localhost].[/] - Initializing Spring embedded WebApplicationContext
2025-11-14 18:58:43.897 [restartedMain] INFO  o.s.b.w.s.c.ServletWebServerApplicationContext - Root WebApplicationContext: initialization completed in 660 ms
2025-11-14 18:58:43.969 [restartedMain] INFO  o.h.jpa.internal.util.LogHelper - HHH000204: Processing PersistenceUnitInfo [name: default]
2025-11-14 18:58:43.976 [restartedMain] INFO  o.h.c.i.RegionFactoryInitiator - HHH000026: Second-level cache disabled
2025-11-14 18:58:43.999 [restartedMain] INFO  o.s.o.j.p.SpringPersistenceUnitInfo - No LoadTimeWeaver setup: ignoring JPA class transformer
2025-11-14 18:58:44.001 [restartedMain] INFO  com.zaxxer.hikari.HikariDataSource - HikariPool-2 - Starting...
2025-11-14 18:58:44.007 [restartedMain] INFO  com.zaxxer.hikari.pool.HikariPool - HikariPool-2 - Added connection conn10: url=jdbc:h2:mem:testdb user=SA
2025-11-14 18:58:44.007 [restartedMain] INFO  com.zaxxer.hikari.HikariDataSource - HikariPool-2 - Start completed.
2025-11-14 18:58:44.010 [restartedMain] INFO  o.hibernate.orm.connections.pooling - HHH10001005: Database info:
	Database JDBC URL [Connecting through datasource 'HikariDataSource (HikariPool-2)']
	Database driver: undefined/unknown
	Database version: 2.3.232
	Autocommit mode: undefined/unknown
	Isolation level: undefined/unknown
	Minimum pool size: undefined/unknown
	Maximum pool size: undefined/unknown
2025-11-14 18:58:44.082 [restartedMain] INFO  o.h.e.t.j.p.i.JtaPlatformInitiator - HHH000489: No JTA platform available (set 'hibernate.transaction.jta.platform' to enable JTA platform integration)
2025-11-14 18:58:44.086 [restartedMain] INFO  o.s.o.j.LocalContainerEntityManagerFactoryBean - Initialized JPA EntityManagerFactory for persistence unit 'default'
2025-11-14 18:58:44.224 [restartedMain] INFO  o.s.s.c.a.a.c.InitializeUserDetailsBeanManagerConfigurer$InitializeUserDetailsManagerConfigurer - Global AuthenticationManager configured with UserDetailsService bean with name inMemoryUserDetailsManager
2025-11-14 18:58:44.343 [restartedMain] INFO  o.s.b.a.h.H2ConsoleAutoConfiguration - H2 console available at '/h2-console'. Database available at 'jdbc:h2:mem:testdb'
2025-11-14 18:58:44.367 [restartedMain] INFO  o.s.b.d.a.OptionalLiveReloadServer - LiveReload server is running on port 35729
2025-11-14 18:58:44.370 [restartedMain] INFO  o.a.coyote.http11.Http11NioProtocol - Starting ProtocolHandler ["http-nio-8080"]
2025-11-14 18:58:44.380 [restartedMain] INFO  o.s.b.w.e.tomcat.TomcatWebServer - Tomcat started on port 8080 (http) with context path '/'
2025-11-14 18:58:44.387 [restartedMain] INFO  j.c.d.d.a.c.DlcpfAppComprehensiveApplication - Started DlcpfAppComprehensiveApplication in 1.237 seconds (process running for 144.12)
2025-11-14 18:58:44.389 [restartedMain] INFO  o.s.b.d.a.ConditionEvaluationDeltaLoggingListener - Condition evaluation unchanged
2025-11-14 18:58:58.104 [File Watcher] INFO  o.s.b.d.a.LocalDevToolsAutoConfiguration$RestartingClassPathChangeChangedEventListener - Restarting due to 1 class path change (0 additions, 0 deletions, 1 modification)
2025-11-14 18:58:58.107 [Thread-7] INFO  o.s.b.w.e.tomcat.GracefulShutdown - Commencing graceful shutdown. Waiting for active requests to complete
2025-11-14 18:58:58.108 [tomcat-shutdown] INFO  o.a.coyote.http11.Http11NioProtocol - Pausing ProtocolHandler ["http-nio-8080"]
2025-11-14 18:58:58.122 [tomcat-shutdown] INFO  o.s.b.w.e.tomcat.GracefulShutdown - Graceful shutdown complete
2025-11-14 18:58:58.122 [Thread-7] INFO  o.a.coyote.http11.Http11NioProtocol - Stopping ProtocolHandler ["http-nio-8080"]
2025-11-14 18:58:58.126 [Thread-7] INFO  o.s.o.j.LocalContainerEntityManagerFactoryBean - Closing JPA EntityManagerFactory for persistence unit 'default'
2025-11-14 18:58:58.130 [Thread-7] INFO  com.zaxxer.hikari.HikariDataSource - HikariPool-2 - Shutdown initiated...
2025-11-14 18:58:58.130 [Thread-7] INFO  com.zaxxer.hikari.HikariDataSource - HikariPool-2 - Shutdown completed.
2025-11-14 18:58:58.293 [restartedMain] INFO  j.c.d.d.a.c.DlcpfAppComprehensiveApplication - Starting DlcpfAppComprehensiveApplication using Java 21.0.6 with PID 31156 (C:\Users\kumreddy\dlcpf-app-comprehensive\target\classes started by kumreddy in C:\Users\kumreddy\dlcpf-app-comprehensive)
2025-11-14 18:58:58.297 [restartedMain] INFO  j.c.d.d.a.c.DlcpfAppComprehensiveApplication - No active profile set, falling back to 1 default profile: "default"
2025-11-14 18:58:58.699 [restartedMain] INFO  o.s.d.r.c.RepositoryConfigurationDelegate - Bootstrapping Spring Data JPA repositories in DEFAULT mode.
2025-11-14 18:58:58.707 [restartedMain] INFO  o.s.d.r.c.RepositoryConfigurationDelegate - Finished Spring Data repository scanning in 12 ms. Found 0 JPA repository interfaces.
2025-11-14 18:58:58.876 [restartedMain] INFO  o.s.b.w.e.tomcat.TomcatWebServer - Tomcat initialized with port 8080 (http)
2025-11-14 18:58:58.881 [restartedMain] INFO  o.a.coyote.http11.Http11NioProtocol - Initializing ProtocolHandler ["http-nio-8080"]
2025-11-14 18:58:58.883 [restartedMain] INFO  o.a.catalina.core.StandardService - Starting service [Tomcat]
2025-11-14 18:58:58.883 [restartedMain] INFO  o.a.catalina.core.StandardEngine - Starting Servlet engine: [Apache Tomcat/10.1.48]
2025-11-14 18:58:58.942 [restartedMain] INFO  o.a.c.c.C.[Tomcat].[localhost].[/] - Initializing Spring embedded WebApplicationContext
2025-11-14 18:58:58.942 [restartedMain] INFO  o.s.b.w.s.c.ServletWebServerApplicationContext - Root WebApplicationContext: initialization completed in 643 ms
2025-11-14 18:58:58.993 [restartedMain] INFO  o.h.jpa.internal.util.LogHelper - HHH000204: Processing PersistenceUnitInfo [name: default]
2025-11-14 18:58:58.997 [restartedMain] INFO  o.h.c.i.RegionFactoryInitiator - HHH000026: Second-level cache disabled
2025-11-14 18:58:59.008 [restartedMain] INFO  o.s.o.j.p.SpringPersistenceUnitInfo - No LoadTimeWeaver setup: ignoring JPA class transformer
2025-11-14 18:58:59.008 [restartedMain] INFO  com.zaxxer.hikari.HikariDataSource - HikariPool-3 - Starting...
2025-11-14 18:58:59.008 [restartedMain] INFO  com.zaxxer.hikari.pool.HikariPool - HikariPool-3 - Added connection conn20: url=jdbc:h2:mem:testdb user=SA
2025-11-14 18:58:59.008 [restartedMain] INFO  com.zaxxer.hikari.HikariDataSource - HikariPool-3 - Start completed.
2025-11-14 18:58:59.019 [restartedMain] INFO  o.hibernate.orm.connections.pooling - HHH10001005: Database info:
	Database JDBC URL [Connecting through datasource 'HikariDataSource (HikariPool-3)']
	Database driver: undefined/unknown
	Database version: 2.3.232
	Autocommit mode: undefined/unknown
	Isolation level: undefined/unknown
	Minimum pool size: undefined/unknown
	Maximum pool size: undefined/unknown
2025-11-14 18:58:59.076 [restartedMain] INFO  o.h.e.t.j.p.i.JtaPlatformInitiator - HHH000489: No JTA platform available (set 'hibernate.transaction.jta.platform' to enable JTA platform integration)
2025-11-14 18:58:59.080 [restartedMain] INFO  o.s.o.j.LocalContainerEntityManagerFactoryBean - Initialized JPA EntityManagerFactory for persistence unit 'default'
2025-11-14 18:58:59.182 [restartedMain] INFO  o.s.s.c.a.a.c.InitializeUserDetailsBeanManagerConfigurer$InitializeUserDetailsManagerConfigurer - Global AuthenticationManager configured with UserDetailsService bean with name inMemoryUserDetailsManager
2025-11-14 18:58:59.243 [restartedMain] INFO  o.s.b.a.h.H2ConsoleAutoConfiguration - H2 console available at '/h2-console'. Database available at 'jdbc:h2:mem:testdb'
2025-11-14 18:58:59.266 [restartedMain] INFO  o.s.b.d.a.OptionalLiveReloadServer - LiveReload server is running on port 35729
2025-11-14 18:58:59.273 [restartedMain] INFO  o.a.coyote.http11.Http11NioProtocol - Starting ProtocolHandler ["http-nio-8080"]
2025-11-14 18:58:59.279 [restartedMain] INFO  o.s.b.w.e.tomcat.TomcatWebServer - Tomcat started on port 8080 (http) with context path '/'
2025-11-14 18:58:59.279 [restartedMain] INFO  j.c.d.d.a.c.DlcpfAppComprehensiveApplication - Started DlcpfAppComprehensiveApplication in 1.065 seconds (process running for 159.018)
2025-11-14 18:58:59.287 [restartedMain] INFO  o.s.b.d.a.ConditionEvaluationDeltaLoggingListener - Condition evaluation unchanged
2025-11-14 18:59:15.568 [http-nio-8080-exec-2] INFO  o.a.c.c.C.[Tomcat].[localhost].[/] - Initializing Spring DispatcherServlet 'dispatcherServlet'
2025-11-14 18:59:15.568 [http-nio-8080-exec-2] INFO  o.s.web.servlet.DispatcherServlet - Initializing Servlet 'dispatcherServlet'
2025-11-14 18:59:15.570 [http-nio-8080-exec-2] INFO  o.s.web.servlet.DispatcherServlet - Completed initialization in 1 ms
2025-11-14 18:59:15.582 [http-nio-8080-exec-2] INFO  j.c.d.d.a.c.c.PersonalityAssessmentController - Personality Assessment Status in getAssessmentStatus Method
2025-11-14 18:59:15.582 [http-nio-8080-exec-2] INFO  j.c.d.d.a.c.s.PersonalityAssessmentServiceImpl - Personality Assessment Status in getPersonalityAssessmentStatus Method
2025-11-14 18:59:15.583 [http-nio-8080-exec-2] INFO  j.c.d.d.a.c.s.PersonalityAssessmentServiceImpl - Question ID: 1, Selected Option: 1
2025-11-14 18:59:15.583 [http-nio-8080-exec-2] INFO  j.c.d.d.a.c.s.PersonalityAssessmentServiceImpl - Question ID: 2, Selected Option: 2
2025-11-14 18:59:15.584 [http-nio-8080-exec-2] INFO  j.c.d.d.a.c.s.PersonalityAssessmentServiceImpl - Question ID: 3, Selected Option: 3
2025-11-14 19:12:01.757 [restartedMain] INFO  j.c.d.d.a.c.DlcpfAppComprehensiveApplication - Starting DlcpfAppComprehensiveApplication using Java 21.0.6 with PID 10104 (C:\Users\kumreddy\dlcpf-app-comprehensive\target\classes started by kumreddy in C:\Users\kumreddy\dlcpf-app-comprehensive)
2025-11-14 19:12:01.761 [restartedMain] INFO  j.c.d.d.a.c.DlcpfAppComprehensiveApplication - No active profile set, falling back to 1 default profile: "default"
2025-11-14 19:12:01.892 [restartedMain] INFO  o.s.b.d.e.DevToolsPropertyDefaultsPostProcessor - Devtools property defaults active! Set 'spring.devtools.add-properties' to 'false' to disable
2025-11-14 19:12:01.897 [restartedMain] INFO  o.s.b.d.e.DevToolsPropertyDefaultsPostProcessor - For additional web related logging consider setting the 'logging.level.web' property to 'DEBUG'
2025-11-14 19:12:03.306 [restartedMain] INFO  o.s.d.r.c.RepositoryConfigurationDelegate - Bootstrapping Spring Data JPA repositories in DEFAULT mode.
2025-11-14 19:12:03.354 [restartedMain] INFO  o.s.d.r.c.RepositoryConfigurationDelegate - Finished Spring Data repository scanning in 32 ms. Found 0 JPA repository interfaces.
2025-11-14 19:12:04.335 [restartedMain] INFO  o.s.b.w.e.tomcat.TomcatWebServer - Tomcat initialized with port 8080 (http)
2025-11-14 19:12:04.363 [restartedMain] INFO  o.a.coyote.http11.Http11NioProtocol - Initializing ProtocolHandler ["http-nio-8080"]
2025-11-14 19:12:04.367 [restartedMain] INFO  o.a.catalina.core.StandardService - Starting service [Tomcat]
2025-11-14 19:12:04.368 [restartedMain] INFO  o.a.catalina.core.StandardEngine - Starting Servlet engine: [Apache Tomcat/10.1.48]
2025-11-14 19:12:04.484 [restartedMain] INFO  o.a.c.c.C.[Tomcat].[localhost].[/] - Initializing Spring embedded WebApplicationContext
2025-11-14 19:12:04.485 [restartedMain] INFO  o.s.b.w.s.c.ServletWebServerApplicationContext - Root WebApplicationContext: initialization completed in 2581 ms
2025-11-14 19:12:04.803 [restartedMain] INFO  o.h.jpa.internal.util.LogHelper - HHH000204: Processing PersistenceUnitInfo [name: default]
2025-11-14 19:12:04.920 [restartedMain] INFO  org.hibernate.Version - HHH000412: Hibernate ORM core version 6.6.33.Final
2025-11-14 19:12:04.985 [restartedMain] INFO  o.h.c.i.RegionFactoryInitiator - HHH000026: Second-level cache disabled
2025-11-14 19:12:05.522 [restartedMain] INFO  o.s.o.j.p.SpringPersistenceUnitInfo - No LoadTimeWeaver setup: ignoring JPA class transformer
2025-11-14 19:12:05.591 [restartedMain] INFO  com.zaxxer.hikari.HikariDataSource - HikariPool-1 - Starting...
2025-11-14 19:12:05.867 [restartedMain] INFO  com.zaxxer.hikari.pool.HikariPool - HikariPool-1 - Added connection conn0: url=jdbc:h2:mem:testdb user=SA
2025-11-14 19:12:05.871 [restartedMain] INFO  com.zaxxer.hikari.HikariDataSource - HikariPool-1 - Start completed.
2025-11-14 19:12:05.952 [restartedMain] INFO  o.hibernate.orm.connections.pooling - HHH10001005: Database info:
	Database JDBC URL [Connecting through datasource 'HikariDataSource (HikariPool-1)']
	Database driver: undefined/unknown
	Database version: 2.3.232
	Autocommit mode: undefined/unknown
	Isolation level: undefined/unknown
	Minimum pool size: undefined/unknown
	Maximum pool size: undefined/unknown
2025-11-14 19:12:07.130 [restartedMain] INFO  o.h.e.t.j.p.i.JtaPlatformInitiator - HHH000489: No JTA platform available (set 'hibernate.transaction.jta.platform' to enable JTA platform integration)
2025-11-14 19:12:07.236 [restartedMain] INFO  o.s.o.j.LocalContainerEntityManagerFactoryBean - Initialized JPA EntityManagerFactory for persistence unit 'default'
2025-11-14 19:12:07.712 [restartedMain] INFO  o.s.s.c.a.a.c.InitializeUserDetailsBeanManagerConfigurer$InitializeUserDetailsManagerConfigurer - Global AuthenticationManager configured with UserDetailsService bean with name inMemoryUserDetailsManager
2025-11-14 19:12:08.149 [restartedMain] INFO  o.s.b.a.h.H2ConsoleAutoConfiguration - H2 console available at '/h2-console'. Database available at 'jdbc:h2:mem:testdb'
2025-11-14 19:12:08.278 [restartedMain] INFO  o.s.b.d.a.OptionalLiveReloadServer - LiveReload server is running on port 35729
2025-11-14 19:12:08.300 [restartedMain] INFO  o.a.coyote.http11.Http11NioProtocol - Starting ProtocolHandler ["http-nio-8080"]
2025-11-14 19:12:08.348 [restartedMain] INFO  o.s.b.w.e.tomcat.TomcatWebServer - Tomcat started on port 8080 (http) with context path '/'
2025-11-14 19:12:08.361 [restartedMain] INFO  j.c.d.d.a.c.DlcpfAppComprehensiveApplication - Started DlcpfAppComprehensiveApplication in 7.744 seconds (process running for 8.819)
2025-11-14 19:12:27.595 [http-nio-8080-exec-2] INFO  o.a.c.c.C.[Tomcat].[localhost].[/] - Initializing Spring DispatcherServlet 'dispatcherServlet'
2025-11-14 19:12:27.595 [http-nio-8080-exec-2] INFO  o.s.web.servlet.DispatcherServlet - Initializing Servlet 'dispatcherServlet'
2025-11-14 19:12:27.604 [http-nio-8080-exec-2] INFO  o.s.web.servlet.DispatcherServlet - Completed initialization in 9 ms
2025-11-14 19:13:12.034 [http-nio-8080-exec-2] INFO  j.c.d.d.a.c.c.PersonalityAssessmentController - Personality Assessment Status in getAssessmentStatus Method
2025-11-14 19:14:18.416 [http-nio-8080-exec-2] INFO  j.c.d.d.a.c.s.PersonalityAssessmentServiceImpl - Personality Assessment Status in getPersonalityAssessmentStatus Method
2025-11-14 19:14:23.616 [http-nio-8080-exec-2] INFO  j.c.d.d.a.c.s.PersonalityAssessmentServiceImpl - Question ID: 1, Selected Option: 1
2025-11-14 19:14:36.012 [http-nio-8080-exec-2] INFO  j.c.d.d.a.c.s.PersonalityAssessmentServiceImpl - Question ID: 2, Selected Option: 2
2025-11-14 19:14:41.233 [http-nio-8080-exec-2] INFO  j.c.d.d.a.c.s.PersonalityAssessmentServiceImpl - Question ID: 3, Selected Option: 3
2025-11-14 19:15:48.645 [http-nio-8080-exec-5] INFO  j.c.d.d.a.c.c.PersonalityAssessmentController - Personality Assessment Status in getAssessmentStatus Method
2025-11-14 19:15:50.316 [http-nio-8080-exec-5] INFO  j.c.d.d.a.c.s.PersonalityAssessmentServiceImpl - Personality Assessment Status in getPersonalityAssessmentStatus Method
2025-11-14 19:15:52.816 [http-nio-8080-exec-5] INFO  j.c.d.d.a.c.s.PersonalityAssessmentServiceImpl - Question ID: 1, Selected Option: null
