2025-11-13 12:03:03.454 [restartedMain] INFO  j.c.d.d.a.c.DlcpfAppComprehensiveApplication - Starting DlcpfAppComprehensiveApplication using Java 21.0.6 with PID 16252 (C:\Users\kumreddy\dlcpf-app-comprehensive\target\classes started by kumreddy in C:\Users\kumreddy\dlcpf-app-comprehensive)
2025-11-13 12:03:03.482 [restartedMain] INFO  j.c.d.d.a.c.DlcpfAppComprehensiveApplication - No active profile set, falling back to 1 default profile: "default"
2025-11-13 12:03:03.577 [restartedMain] INFO  o.s.b.d.e.DevToolsPropertyDefaultsPostProcessor - Devtools property defaults active! Set 'spring.devtools.add-properties' to 'false' to disable
2025-11-13 12:03:03.577 [restartedMain] INFO  o.s.b.d.e.DevToolsPropertyDefaultsPostProcessor - For additional web related logging consider setting the 'logging.level.web' property to 'DEBUG'
2025-11-13 12:03:05.008 [restartedMain] INFO  o.s.d.r.c.RepositoryConfigurationDelegate - Bootstrapping Spring Data JPA repositories in DEFAULT mode.
2025-11-13 12:03:05.055 [restartedMain] INFO  o.s.d.r.c.RepositoryConfigurationDelegate - Finished Spring Data repository scanning in 29 ms. Found 0 JPA repository interfaces.
2025-11-13 12:03:06.091 [restartedMain] INFO  o.s.b.w.e.tomcat.TomcatWebServer - Tomcat initialized with port 8080 (http)
2025-11-13 12:03:06.118 [restartedMain] INFO  o.a.coyote.http11.Http11NioProtocol - Initializing ProtocolHandler ["http-nio-8080"]
2025-11-13 12:03:06.123 [restartedMain] INFO  o.a.catalina.core.StandardService - Starting service [Tomcat]
2025-11-13 12:03:06.123 [restartedMain] INFO  o.a.catalina.core.StandardEngine - Starting Servlet engine: [Apache Tomcat/10.1.48]
2025-11-13 12:03:06.220 [restartedMain] INFO  o.a.c.c.C.[Tomcat].[localhost].[/] - Initializing Spring embedded WebApplicationContext
2025-11-13 12:03:06.221 [restartedMain] INFO  o.s.b.w.s.c.ServletWebServerApplicationContext - Root WebApplicationContext: initialization completed in 2642 ms
2025-11-13 12:03:06.635 [restartedMain] INFO  o.h.jpa.internal.util.LogHelper - HHH000204: Processing PersistenceUnitInfo [name: default]
2025-11-13 12:03:06.833 [restartedMain] INFO  org.hibernate.Version - HHH000412: Hibernate ORM core version 6.6.33.Final
2025-11-13 12:03:06.906 [restartedMain] INFO  o.h.c.i.RegionFactoryInitiator - HHH000026: Second-level cache disabled
2025-11-13 12:03:07.499 [restartedMain] INFO  o.s.o.j.p.SpringPersistenceUnitInfo - No LoadTimeWeaver setup: ignoring JPA class transformer
2025-11-13 12:03:07.562 [restartedMain] INFO  com.zaxxer.hikari.HikariDataSource - HikariPool-1 - Starting...
2025-11-13 12:03:07.909 [restartedMain] INFO  com.zaxxer.hikari.pool.HikariPool - HikariPool-1 - Added connection conn0: url=jdbc:h2:mem:testdb user=SA
2025-11-13 12:03:07.911 [restartedMain] INFO  com.zaxxer.hikari.HikariDataSource - HikariPool-1 - Start completed.
2025-11-13 12:03:07.997 [restartedMain] INFO  o.hibernate.orm.connections.pooling - HHH10001005: Database info:
	Database JDBC URL [Connecting through datasource 'HikariDataSource (HikariPool-1)']
	Database driver: undefined/unknown
	Database version: 2.3.232
	Autocommit mode: undefined/unknown
	Isolation level: undefined/unknown
	Minimum pool size: undefined/unknown
	Maximum pool size: undefined/unknown
2025-11-13 12:03:09.258 [restartedMain] INFO  o.h.e.t.j.p.i.JtaPlatformInitiator - HHH000489: No JTA platform available (set 'hibernate.transaction.jta.platform' to enable JTA platform integration)
2025-11-13 12:03:09.360 [restartedMain] INFO  o.s.o.j.LocalContainerEntityManagerFactoryBean - Initialized JPA EntityManagerFactory for persistence unit 'default'
2025-11-13 12:03:09.883 [restartedMain] INFO  o.s.s.c.a.a.c.InitializeUserDetailsBeanManagerConfigurer$InitializeUserDetailsManagerConfigurer - Global AuthenticationManager configured with UserDetailsService bean with name inMemoryUserDetailsManager
2025-11-13 12:03:10.343 [restartedMain] INFO  o.s.b.a.h.H2ConsoleAutoConfiguration - H2 console available at '/h2-console'. Database available at 'jdbc:h2:mem:testdb'
2025-11-13 12:03:10.480 [restartedMain] INFO  o.s.b.d.a.OptionalLiveReloadServer - LiveReload server is running on port 35729
2025-11-13 12:03:10.497 [restartedMain] INFO  o.a.coyote.http11.Http11NioProtocol - Starting ProtocolHandler ["http-nio-8080"]
2025-11-13 12:03:10.551 [restartedMain] INFO  o.s.b.w.e.tomcat.TomcatWebServer - Tomcat started on port 8080 (http) with context path '/'
2025-11-13 12:03:10.565 [restartedMain] INFO  j.c.d.d.a.c.DlcpfAppComprehensiveApplication - Started DlcpfAppComprehensiveApplication in 8.224 seconds (process running for 8.992)
2025-11-13 12:03:35.452 [http-nio-8080-exec-2] INFO  o.a.c.c.C.[Tomcat].[localhost].[/] - Initializing Spring DispatcherServlet 'dispatcherServlet'
2025-11-13 12:03:35.453 [http-nio-8080-exec-2] INFO  o.s.web.servlet.DispatcherServlet - Initializing Servlet 'dispatcherServlet'
2025-11-13 12:03:35.458 [http-nio-8080-exec-2] INFO  o.s.web.servlet.DispatcherServlet - Completed initialization in 2 ms
2025-11-13 12:03:35.710 [http-nio-8080-exec-2] INFO  j.c.d.d.a.c.c.PersonalityAssessmentStatus - Personality Assessment Status in getAssessmentStatus Method
2025-11-13 12:03:35.711 [http-nio-8080-exec-2] INFO  j.c.d.d.a.c.s.PersonalityAssessmentServiceImpl - Personality Assessment Status in getPersonalityAssessmentStatus Method
2025-11-13 12:03:40.633 [http-nio-8080-exec-3] INFO  j.c.d.d.a.c.c.PersonalityAssessmentStatus - Personality Assessment Status in getAssessmentStatus Method
2025-11-13 12:03:40.633 [http-nio-8080-exec-3] INFO  j.c.d.d.a.c.s.PersonalityAssessmentServiceImpl - Personality Assessment Status in getPersonalityAssessmentStatus Method
2025-11-13 12:04:01.706 [http-nio-8080-exec-4] INFO  j.c.d.d.a.c.c.PersonalityAssessmentStatus - Personality Assessment Status in getAssessmentStatus Method
2025-11-13 12:04:01.707 [http-nio-8080-exec-4] INFO  j.c.d.d.a.c.s.PersonalityAssessmentServiceImpl - Personality Assessment Status in getPersonalityAssessmentStatus Method
2025-11-13 19:41:26.952 [main] INFO  j.c.d.d.a.c.DlcpfAppComprehensiveApplicationTests - Starting DlcpfAppComprehensiveApplicationTests using Java 21.0.6 with PID 17752 (started by kumreddy in C:\Users\kumreddy\dlcpf-app-comprehensive)
2025-11-13 19:41:26.955 [main] INFO  j.c.d.d.a.c.DlcpfAppComprehensiveApplicationTests - No active profile set, falling back to 1 default profile: "default"
2025-11-13 19:41:28.241 [main] INFO  o.s.d.r.c.RepositoryConfigurationDelegate - Bootstrapping Spring Data JPA repositories in DEFAULT mode.
2025-11-13 19:41:28.291 [main] INFO  o.s.d.r.c.RepositoryConfigurationDelegate - Finished Spring Data repository scanning in 29 ms. Found 0 JPA repository interfaces.
2025-11-13 19:41:29.182 [main] INFO  o.h.jpa.internal.util.LogHelper - HHH000204: Processing PersistenceUnitInfo [name: default]
2025-11-13 19:41:29.333 [main] INFO  org.hibernate.Version - HHH000412: Hibernate ORM core version 6.6.33.Final
2025-11-13 19:41:29.412 [main] INFO  o.h.c.i.RegionFactoryInitiator - HHH000026: Second-level cache disabled
2025-11-13 19:41:30.074 [main] INFO  o.s.o.j.p.SpringPersistenceUnitInfo - No LoadTimeWeaver setup: ignoring JPA class transformer
2025-11-13 19:41:30.144 [main] INFO  com.zaxxer.hikari.HikariDataSource - HikariPool-1 - Starting...
2025-11-13 19:41:30.490 [main] INFO  com.zaxxer.hikari.pool.HikariPool - HikariPool-1 - Added connection conn0: url=jdbc:h2:mem:testdb user=SA
2025-11-13 19:41:30.495 [main] INFO  com.zaxxer.hikari.HikariDataSource - HikariPool-1 - Start completed.
2025-11-13 19:41:30.591 [main] INFO  o.hibernate.orm.connections.pooling - HHH10001005: Database info:
	Database JDBC URL [Connecting through datasource 'HikariDataSource (HikariPool-1)']
	Database driver: undefined/unknown
	Database version: 2.3.232
	Autocommit mode: undefined/unknown
	Isolation level: undefined/unknown
	Minimum pool size: undefined/unknown
	Maximum pool size: undefined/unknown
2025-11-13 19:41:32.095 [main] INFO  o.h.e.t.j.p.i.JtaPlatformInitiator - HHH000489: No JTA platform available (set 'hibernate.transaction.jta.platform' to enable JTA platform integration)
2025-11-13 19:41:32.218 [main] INFO  o.s.o.j.LocalContainerEntityManagerFactoryBean - Initialized JPA EntityManagerFactory for persistence unit 'default'
2025-11-13 19:41:32.819 [main] INFO  o.s.s.c.a.a.c.InitializeUserDetailsBeanManagerConfigurer$InitializeUserDetailsManagerConfigurer - Global AuthenticationManager configured with UserDetailsService bean with name inMemoryUserDetailsManager
2025-11-13 19:41:33.456 [main] INFO  o.s.b.a.h.H2ConsoleAutoConfiguration - H2 console available at '/h2-console'. Database available at 'jdbc:h2:mem:testdb'
2025-11-13 19:41:33.607 [main] INFO  j.c.d.d.a.c.DlcpfAppComprehensiveApplicationTests - Started DlcpfAppComprehensiveApplicationTests in 7.599 seconds (process running for 9.451)
2025-11-13 19:41:34.464 [SpringApplicationShutdownHook] INFO  o.s.o.j.LocalContainerEntityManagerFactoryBean - Closing JPA EntityManagerFactory for persistence unit 'default'
2025-11-13 19:41:34.468 [SpringApplicationShutdownHook] INFO  com.zaxxer.hikari.HikariDataSource - HikariPool-1 - Shutdown initiated...
2025-11-13 19:41:34.473 [SpringApplicationShutdownHook] INFO  com.zaxxer.hikari.HikariDataSource - HikariPool-1 - Shutdown completed.
2025-11-13 19:50:43.912 [restartedMain] INFO  j.c.d.d.a.c.DlcpfAppComprehensiveApplication - Starting DlcpfAppComprehensiveApplication using Java 21.0.6 with PID 21404 (C:\Users\kumreddy\dlcpf-app-comprehensive\target\classes started by kumreddy in C:\Users\kumreddy\dlcpf-app-comprehensive)
2025-11-13 19:50:43.916 [restartedMain] INFO  j.c.d.d.a.c.DlcpfAppComprehensiveApplication - No active profile set, falling back to 1 default profile: "default"
2025-11-13 19:50:44.016 [restartedMain] INFO  o.s.b.d.e.DevToolsPropertyDefaultsPostProcessor - Devtools property defaults active! Set 'spring.devtools.add-properties' to 'false' to disable
2025-11-13 19:50:44.016 [restartedMain] INFO  o.s.b.d.e.DevToolsPropertyDefaultsPostProcessor - For additional web related logging consider setting the 'logging.level.web' property to 'DEBUG'
2025-11-13 19:50:45.373 [restartedMain] INFO  o.s.d.r.c.RepositoryConfigurationDelegate - Bootstrapping Spring Data JPA repositories in DEFAULT mode.
2025-11-13 19:50:45.431 [restartedMain] INFO  o.s.d.r.c.RepositoryConfigurationDelegate - Finished Spring Data repository scanning in 33 ms. Found 0 JPA repository interfaces.
2025-11-13 19:50:46.423 [restartedMain] INFO  o.s.b.w.e.tomcat.TomcatWebServer - Tomcat initialized with port 8080 (http)
2025-11-13 19:50:46.446 [restartedMain] INFO  o.a.coyote.http11.Http11NioProtocol - Initializing ProtocolHandler ["http-nio-8080"]
2025-11-13 19:50:46.446 [restartedMain] INFO  o.a.catalina.core.StandardService - Starting service [Tomcat]
2025-11-13 19:50:46.446 [restartedMain] INFO  o.a.catalina.core.StandardEngine - Starting Servlet engine: [Apache Tomcat/10.1.48]
2025-11-13 19:50:46.556 [restartedMain] INFO  o.a.c.c.C.[Tomcat].[localhost].[/] - Initializing Spring embedded WebApplicationContext
2025-11-13 19:50:46.556 [restartedMain] INFO  o.s.b.w.s.c.ServletWebServerApplicationContext - Root WebApplicationContext: initialization completed in 2537 ms
2025-11-13 19:50:46.893 [restartedMain] INFO  o.h.jpa.internal.util.LogHelper - HHH000204: Processing PersistenceUnitInfo [name: default]
2025-11-13 19:50:47.011 [restartedMain] INFO  org.hibernate.Version - HHH000412: Hibernate ORM core version 6.6.33.Final
2025-11-13 19:50:47.071 [restartedMain] INFO  o.h.c.i.RegionFactoryInitiator - HHH000026: Second-level cache disabled
2025-11-13 19:50:47.536 [restartedMain] INFO  o.s.o.j.p.SpringPersistenceUnitInfo - No LoadTimeWeaver setup: ignoring JPA class transformer
2025-11-13 19:50:47.601 [restartedMain] INFO  com.zaxxer.hikari.HikariDataSource - HikariPool-1 - Starting...
2025-11-13 19:50:47.883 [restartedMain] INFO  com.zaxxer.hikari.pool.HikariPool - HikariPool-1 - Added connection conn0: url=jdbc:h2:mem:testdb user=SA
2025-11-13 19:50:47.886 [restartedMain] INFO  com.zaxxer.hikari.HikariDataSource - HikariPool-1 - Start completed.
2025-11-13 19:50:47.958 [restartedMain] INFO  o.hibernate.orm.connections.pooling - HHH10001005: Database info:
	Database JDBC URL [Connecting through datasource 'HikariDataSource (HikariPool-1)']
	Database driver: undefined/unknown
	Database version: 2.3.232
	Autocommit mode: undefined/unknown
	Isolation level: undefined/unknown
	Minimum pool size: undefined/unknown
	Maximum pool size: undefined/unknown
2025-11-13 19:50:49.082 [restartedMain] INFO  o.h.e.t.j.p.i.JtaPlatformInitiator - HHH000489: No JTA platform available (set 'hibernate.transaction.jta.platform' to enable JTA platform integration)
2025-11-13 19:50:49.181 [restartedMain] INFO  o.s.o.j.LocalContainerEntityManagerFactoryBean - Initialized JPA EntityManagerFactory for persistence unit 'default'
2025-11-13 19:50:49.702 [restartedMain] INFO  o.s.s.c.a.a.c.InitializeUserDetailsBeanManagerConfigurer$InitializeUserDetailsManagerConfigurer - Global AuthenticationManager configured with UserDetailsService bean with name inMemoryUserDetailsManager
2025-11-13 19:50:50.143 [restartedMain] INFO  o.s.b.a.h.H2ConsoleAutoConfiguration - H2 console available at '/h2-console'. Database available at 'jdbc:h2:mem:testdb'
2025-11-13 19:50:50.273 [restartedMain] INFO  o.s.b.d.a.OptionalLiveReloadServer - LiveReload server is running on port 35729
2025-11-13 19:50:50.289 [restartedMain] INFO  o.a.coyote.http11.Http11NioProtocol - Starting ProtocolHandler ["http-nio-8080"]
2025-11-13 19:50:50.358 [restartedMain] INFO  o.s.b.w.e.tomcat.TomcatWebServer - Tomcat started on port 8080 (http) with context path '/'
2025-11-13 19:50:50.370 [restartedMain] INFO  j.c.d.d.a.c.DlcpfAppComprehensiveApplication - Started DlcpfAppComprehensiveApplication in 7.585 seconds (process running for 8.38)
2025-11-13 19:51:03.796 [http-nio-8080-exec-2] INFO  o.a.c.c.C.[Tomcat].[localhost].[/] - Initializing Spring DispatcherServlet 'dispatcherServlet'
2025-11-13 19:51:03.796 [http-nio-8080-exec-2] INFO  o.s.web.servlet.DispatcherServlet - Initializing Servlet 'dispatcherServlet'
2025-11-13 19:51:03.796 [http-nio-8080-exec-2] INFO  o.s.web.servlet.DispatcherServlet - Completed initialization in 0 ms
2025-11-13 19:51:04.073 [http-nio-8080-exec-2] INFO  j.c.d.d.a.c.c.PersonalityAssessmentStatus - Personality Assessment Status in getAssessmentStatus Method
2025-11-13 19:51:04.073 [http-nio-8080-exec-2] INFO  j.c.d.d.a.c.s.PersonalityAssessmentServiceImpl - Personality Assessment Status in getPersonalityAssessmentStatus Method
2025-11-13 19:51:11.634 [http-nio-8080-exec-3] INFO  j.c.d.d.a.c.c.PersonalityAssessmentStatus - Personality Assessment Status in getAssessmentStatus Method
2025-11-13 19:51:11.634 [http-nio-8080-exec-3] INFO  j.c.d.d.a.c.s.PersonalityAssessmentServiceImpl - Personality Assessment Status in getPersonalityAssessmentStatus Method
