2025-11-15 11:35:22.091 [SpringApplicationShutdownHook] INFO  o.s.b.w.e.tomcat.GracefulShutdown - Commencing graceful shutdown. Waiting for active requests to complete
2025-11-15 11:35:22.204 [tomcat-shutdown] INFO  o.s.b.w.e.tomcat.GracefulShutdown - Graceful shutdown complete
2025-11-15 11:35:22.238 [SpringApplicationShutdownHook] INFO  o.s.o.j.LocalContainerEntityManagerFactoryBean - Closing JPA EntityManagerFactory for persistence unit 'default'
2025-11-15 11:35:22.323 [SpringApplicationShutdownHook] INFO  com.zaxxer.hikari.HikariDataSource - HikariPool-1 - Shutdown initiated...
2025-11-15 11:35:22.333 [SpringApplicationShutdownHook] INFO  com.zaxxer.hikari.HikariDataSource - HikariPool-1 - Shutdown completed.
2025-11-15 12:47:38.761 [restartedMain] INFO  j.c.d.d.a.c.DlcpfAppComprehensiveApplication - Starting DlcpfAppComprehensiveApplication using Java 21.0.6 with PID 36684 (C:\Users\kumreddy\dlcpf-app-comprehensive\target\classes started by kumreddy in C:\Users\kumreddy\dlcpf-app-comprehensive)
2025-11-15 12:47:38.767 [restartedMain] INFO  j.c.d.d.a.c.DlcpfAppComprehensiveApplication - No active profile set, falling back to 1 default profile: "default"
2025-11-15 12:47:38.859 [restartedMain] INFO  o.s.b.d.e.DevToolsPropertyDefaultsPostProcessor - Devtools property defaults active! Set 'spring.devtools.add-properties' to 'false' to disable
2025-11-15 12:47:38.860 [restartedMain] INFO  o.s.b.d.e.DevToolsPropertyDefaultsPostProcessor - For additional web related logging consider setting the 'logging.level.web' property to 'DEBUG'
2025-11-15 12:47:40.164 [restartedMain] INFO  o.s.d.r.c.RepositoryConfigurationDelegate - Bootstrapping Spring Data JPA repositories in DEFAULT mode.
2025-11-15 12:47:40.207 [restartedMain] INFO  o.s.d.r.c.RepositoryConfigurationDelegate - Finished Spring Data repository scanning in 27 ms. Found 0 JPA repository interfaces.
2025-11-15 12:47:41.227 [restartedMain] INFO  o.s.b.w.e.tomcat.TomcatWebServer - Tomcat initialized with port 8080 (http)
2025-11-15 12:47:41.253 [restartedMain] INFO  o.a.coyote.http11.Http11NioProtocol - Initializing ProtocolHandler ["http-nio-8080"]
2025-11-15 12:47:41.256 [restartedMain] INFO  o.a.catalina.core.StandardService - Starting service [Tomcat]
2025-11-15 12:47:41.257 [restartedMain] INFO  o.a.catalina.core.StandardEngine - Starting Servlet engine: [Apache Tomcat/10.1.48]
2025-11-15 12:47:41.355 [restartedMain] INFO  o.a.c.c.C.[Tomcat].[localhost].[/] - Initializing Spring embedded WebApplicationContext
2025-11-15 12:47:41.356 [restartedMain] INFO  o.s.b.w.s.c.ServletWebServerApplicationContext - Root WebApplicationContext: initialization completed in 2495 ms
2025-11-15 12:47:41.679 [restartedMain] INFO  o.h.jpa.internal.util.LogHelper - HHH000204: Processing PersistenceUnitInfo [name: default]
2025-11-15 12:47:41.836 [restartedMain] INFO  org.hibernate.Version - HHH000412: Hibernate ORM core version 6.6.33.Final
2025-11-15 12:47:41.901 [restartedMain] INFO  o.h.c.i.RegionFactoryInitiator - HHH000026: Second-level cache disabled
2025-11-15 12:47:42.471 [restartedMain] INFO  o.s.o.j.p.SpringPersistenceUnitInfo - No LoadTimeWeaver setup: ignoring JPA class transformer
2025-11-15 12:47:42.545 [restartedMain] INFO  com.zaxxer.hikari.HikariDataSource - HikariPool-1 - Starting...
2025-11-15 12:47:42.853 [restartedMain] INFO  com.zaxxer.hikari.pool.HikariPool - HikariPool-1 - Added connection conn0: url=jdbc:h2:mem:testdb user=SA
2025-11-15 12:47:42.856 [restartedMain] INFO  com.zaxxer.hikari.HikariDataSource - HikariPool-1 - Start completed.
2025-11-15 12:47:42.946 [restartedMain] INFO  o.hibernate.orm.connections.pooling - HHH10001005: Database info:
	Database JDBC URL [Connecting through datasource 'HikariDataSource (HikariPool-1)']
	Database driver: undefined/unknown
	Database version: 2.3.232
	Autocommit mode: undefined/unknown
	Isolation level: undefined/unknown
	Minimum pool size: undefined/unknown
	Maximum pool size: undefined/unknown
2025-11-15 12:47:44.187 [restartedMain] INFO  o.h.e.t.j.p.i.JtaPlatformInitiator - HHH000489: No JTA platform available (set 'hibernate.transaction.jta.platform' to enable JTA platform integration)
2025-11-15 12:47:44.303 [restartedMain] INFO  o.s.o.j.LocalContainerEntityManagerFactoryBean - Initialized JPA EntityManagerFactory for persistence unit 'default'
2025-11-15 12:47:44.773 [restartedMain] INFO  o.s.s.c.a.a.c.InitializeUserDetailsBeanManagerConfigurer$InitializeUserDetailsManagerConfigurer - Global AuthenticationManager configured with UserDetailsService bean with name inMemoryUserDetailsManager
2025-11-15 12:47:45.179 [restartedMain] INFO  o.s.b.a.h.H2ConsoleAutoConfiguration - H2 console available at '/h2-console'. Database available at 'jdbc:h2:mem:testdb'
2025-11-15 12:47:45.316 [restartedMain] INFO  o.s.b.d.a.OptionalLiveReloadServer - LiveReload server is running on port 35729
2025-11-15 12:47:45.336 [restartedMain] INFO  o.a.coyote.http11.Http11NioProtocol - Starting ProtocolHandler ["http-nio-8080"]
2025-11-15 12:47:45.390 [restartedMain] INFO  o.s.b.w.e.tomcat.TomcatWebServer - Tomcat started on port 8080 (http) with context path '/'
2025-11-15 12:47:45.403 [restartedMain] INFO  j.c.d.d.a.c.DlcpfAppComprehensiveApplication - Started DlcpfAppComprehensiveApplication in 7.834 seconds (process running for 8.709)
2025-11-15 12:48:40.014 [http-nio-8080-exec-1] INFO  o.a.c.c.C.[Tomcat].[localhost].[/] - Initializing Spring DispatcherServlet 'dispatcherServlet'
2025-11-15 12:48:40.014 [http-nio-8080-exec-1] INFO  o.s.web.servlet.DispatcherServlet - Initializing Servlet 'dispatcherServlet'
2025-11-15 12:48:40.017 [http-nio-8080-exec-1] INFO  o.s.web.servlet.DispatcherServlet - Completed initialization in 1 ms
2025-11-15 12:48:40.370 [http-nio-8080-exec-2] INFO  j.c.d.d.a.c.c.PersonalityAssessmentController - Personality Assessment Status in getAssessmentStatus Method
2025-11-15 12:48:40.371 [http-nio-8080-exec-2] INFO  j.c.d.d.a.c.s.PersonalityAssessmentServiceImpl - Personality Assessment Status in getPersonalityAssessmentStatus Method
2025-11-15 12:48:40.372 [http-nio-8080-exec-2] INFO  j.c.d.d.a.c.s.PersonalityAssessmentServiceImpl - Question ID: 1, Selected Option: 1
2025-11-15 12:48:40.372 [http-nio-8080-exec-2] INFO  j.c.d.d.a.c.s.PersonalityAssessmentServiceImpl - Question ID: 2, Selected Option: 1
2025-11-15 12:48:40.373 [http-nio-8080-exec-2] INFO  j.c.d.d.a.c.s.PersonalityAssessmentServiceImpl - Question ID: 3, Selected Option: 1
